version https://git-lfs.github.com/spec/v1
oid sha256:0aa4d9e5317e5b891f847746ecf5887a1e2992185455426df8d8669f1af8ce86
size 126550016
